// Jest Snapshot v1, https://goo.gl/fbAQLP

exports[`Users renders correctly 1`] = `
Array [
  <div
    className="MuiPaper-root makeStyles-filterBox-2 MuiPaper-elevation1 MuiPaper-rounded"
  >
    <div
      className="makeStyles-inputSearchBox-3"
    >
      <label
        className="makeStyles-searchLabel-6"
      >
        First Name
      </label>
      <input
        className="makeStyles-searchInput-5"
        onChange={[Function]}
        placeholder="Search in first names...."
        value=""
      />
    </div>
    <div
      className="makeStyles-genderSelectorBox-4"
    >
      <img
        alt="Man"
        className="makeStyles-genderIcon-7 "
        onClick={[Function]}
        src="man.svg"
      />
      <img
        alt="Woman"
        className="makeStyles-genderIcon-7 "
        onClick={[Function]}
        src="woman.svg"
      />
      <div
        onClick={[Function]}
      >
        X
      </div>
    </div>
  </div>,
  <div
    className="makeStyles-usersList-1"
    data-testid="userslist"
  >
    <a
      href="/users/1"
      onClick={[Function]}
    >
      <div
        className="MuiPaper-root makeStyles-box-9 MuiPaper-elevation1 MuiPaper-rounded"
      >
        Emogene
      </div>
    </a>
    <a
      href="/users/2"
      onClick={[Function]}
    >
      <div
        className="MuiPaper-root makeStyles-box-9 MuiPaper-elevation1 MuiPaper-rounded"
      >
        Wye
      </div>
    </a>
    <a
      href="/users/3"
      onClick={[Function]}
    >
      <div
        className="MuiPaper-root makeStyles-box-9 MuiPaper-elevation1 MuiPaper-rounded"
      >
        Chandler
      </div>
    </a>
    <a
      href="/users/4"
      onClick={[Function]}
    >
      <div
        className="MuiPaper-root makeStyles-box-9 MuiPaper-elevation1 MuiPaper-rounded"
      >
        Damiano
      </div>
    </a>
    <a
      href="/users/5"
      onClick={[Function]}
    >
      <div
        className="MuiPaper-root makeStyles-box-9 MuiPaper-elevation1 MuiPaper-rounded"
      >
        Amory
      </div>
    </a>
    <a
      href="/users/6"
      onClick={[Function]}
    >
      <div
        className="MuiPaper-root makeStyles-box-9 MuiPaper-elevation1 MuiPaper-rounded"
      >
        Chip
      </div>
    </a>
    <a
      href="/users/7"
      onClick={[Function]}
    >
      <div
        className="MuiPaper-root makeStyles-box-9 MuiPaper-elevation1 MuiPaper-rounded"
      >
        Alexina
      </div>
    </a>
    <a
      href="/users/8"
      onClick={[Function]}
    >
      <div
        className="MuiPaper-root makeStyles-box-9 MuiPaper-elevation1 MuiPaper-rounded"
      >
        Kayne
      </div>
    </a>
    <a
      href="/users/9"
      onClick={[Function]}
    >
      <div
        className="MuiPaper-root makeStyles-box-9 MuiPaper-elevation1 MuiPaper-rounded"
      >
        Noellyn
      </div>
    </a>
    <a
      href="/users/10"
      onClick={[Function]}
    >
      <div
        className="MuiPaper-root makeStyles-box-9 MuiPaper-elevation1 MuiPaper-rounded"
      >
        Ewell
      </div>
    </a>
    <a
      href="/users/11"
      onClick={[Function]}
    >
      <div
        className="MuiPaper-root makeStyles-box-9 MuiPaper-elevation1 MuiPaper-rounded"
      >
        Bessie
      </div>
    </a>
    <a
      href="/users/12"
      onClick={[Function]}
    >
      <div
        className="MuiPaper-root makeStyles-box-9 MuiPaper-elevation1 MuiPaper-rounded"
      >
        Charity
      </div>
    </a>
    <a
      href="/users/13"
      onClick={[Function]}
    >
      <div
        className="MuiPaper-root makeStyles-box-9 MuiPaper-elevation1 MuiPaper-rounded"
      >
        Ole
      </div>
    </a>
    <a
      href="/users/14"
      onClick={[Function]}
    >
      <div
        className="MuiPaper-root makeStyles-box-9 MuiPaper-elevation1 MuiPaper-rounded"
      >
        Wolf
      </div>
    </a>
    <a
      href="/users/15"
      onClick={[Function]}
    >
      <div
        className="MuiPaper-root makeStyles-box-9 MuiPaper-elevation1 MuiPaper-rounded"
      >
        Bridie
      </div>
    </a>
    <a
      href="/users/16"
      onClick={[Function]}
    >
      <div
        className="MuiPaper-root makeStyles-box-9 MuiPaper-elevation1 MuiPaper-rounded"
      >
        Estella
      </div>
    </a>
    <a
      href="/users/17"
      onClick={[Function]}
    >
      <div
        className="MuiPaper-root makeStyles-box-9 MuiPaper-elevation1 MuiPaper-rounded"
      >
        Chet
      </div>
    </a>
    <a
      href="/users/18"
      onClick={[Function]}
    >
      <div
        className="MuiPaper-root makeStyles-box-9 MuiPaper-elevation1 MuiPaper-rounded"
      >
        Marlowe
      </div>
    </a>
    <a
      href="/users/19"
      onClick={[Function]}
    >
      <div
        className="MuiPaper-root makeStyles-box-9 MuiPaper-elevation1 MuiPaper-rounded"
      >
        Glynda
      </div>
    </a>
    <a
      href="/users/20"
      onClick={[Function]}
    >
      <div
        className="MuiPaper-root makeStyles-box-9 MuiPaper-elevation1 MuiPaper-rounded"
      >
        Barbaraanne
      </div>
    </a>
    <a
      href="/users/21"
      onClick={[Function]}
    >
      <div
        className="MuiPaper-root makeStyles-box-9 MuiPaper-elevation1 MuiPaper-rounded"
      >
        Kristan
      </div>
    </a>
    <a
      href="/users/22"
      onClick={[Function]}
    >
      <div
        className="MuiPaper-root makeStyles-box-9 MuiPaper-elevation1 MuiPaper-rounded"
      >
        Lisbeth
      </div>
    </a>
    <a
      href="/users/23"
      onClick={[Function]}
    >
      <div
        className="MuiPaper-root makeStyles-box-9 MuiPaper-elevation1 MuiPaper-rounded"
      >
        Welch
      </div>
    </a>
    <a
      href="/users/24"
      onClick={[Function]}
    >
      <div
        className="MuiPaper-root makeStyles-box-9 MuiPaper-elevation1 MuiPaper-rounded"
      >
        Upton
      </div>
    </a>
    <a
      href="/users/25"
      onClick={[Function]}
    >
      <div
        className="MuiPaper-root makeStyles-box-9 MuiPaper-elevation1 MuiPaper-rounded"
      >
        Alvinia
      </div>
    </a>
    <a
      href="/users/26"
      onClick={[Function]}
    >
      <div
        className="MuiPaper-root makeStyles-box-9 MuiPaper-elevation1 MuiPaper-rounded"
      >
        Owen
      </div>
    </a>
    <a
      href="/users/27"
      onClick={[Function]}
    >
      <div
        className="MuiPaper-root makeStyles-box-9 MuiPaper-elevation1 MuiPaper-rounded"
      >
        Miles
      </div>
    </a>
    <a
      href="/users/28"
      onClick={[Function]}
    >
      <div
        className="MuiPaper-root makeStyles-box-9 MuiPaper-elevation1 MuiPaper-rounded"
      >
        Dennie
      </div>
    </a>
    <a
      href="/users/29"
      onClick={[Function]}
    >
      <div
        className="MuiPaper-root makeStyles-box-9 MuiPaper-elevation1 MuiPaper-rounded"
      >
        Mitchell
      </div>
    </a>
    <a
      href="/users/30"
      onClick={[Function]}
    >
      <div
        className="MuiPaper-root makeStyles-box-9 MuiPaper-elevation1 MuiPaper-rounded"
      >
        Aretha
      </div>
    </a>
  </div>,
]
`;
